Beginning pent2ene GOAT calculation.
Traceback (most recent call last):
  File "/tmp/lscratch/tns97255/48100533/autostorage_opi_demo/1_GOAT.py", line 64, in <module>
    calc_row, calc, _ = run_calculation(
                        ~~~~~~~~~~~~~~~^
        pent2ene,
        ^^^^^^^^^
    ...<3 lines>...
        calc_input=calc_input,
        ^^^^^^^^^^^^^^^^^^^^^^
    )
    ^
  File "/tmp/lscratch/tns97255/48100533/autostorage_opi_demo/utils.py", line 96, in run_calculation
    if model.basis is not None:
       ^^^^^^^^^^^
  File "/tmp/lscratch/tns97255/48100533/.venv/lib/python3.13/site-packages/sqlalchemy/orm/attributes.py", line 569, in __get__
    return self.impl.get(state, dict_)  # type: ignore[no-any-return]
           ~~~~~~~~~~~~~^^^^^^^^^^^^^^
  File "/tmp/lscratch/tns97255/48100533/.venv/lib/python3.13/site-packages/sqlalchemy/orm/attributes.py", line 1096, in get
    value = self._fire_loader_callables(state, key, passive)
  File "/tmp/lscratch/tns97255/48100533/.venv/lib/python3.13/site-packages/sqlalchemy/orm/attributes.py", line 1126, in _fire_loader_callables
    return state._load_expired(state, passive)
           ~~~~~~~~~~~~~~~~~~~^^^^^^^^^^^^^^^^
  File "/tmp/lscratch/tns97255/48100533/.venv/lib/python3.13/site-packages/sqlalchemy/orm/state.py", line 828, in _load_expired
    self.manager.expired_attribute_loader(self, toload, passive)
    ~~~~~~~~~~~~~~~~~~~~~~~~~~~~~~~~~~~~~^^^^^^^^^^^^^^^^^^^^^^^
  File "/tmp/lscratch/tns97255/48100533/.venv/lib/python3.13/site-packages/sqlalchemy/orm/loading.py", line 1607, in load_scalar_attributes
    raise orm_exc.DetachedInstanceError(
    ...<2 lines>...
    )
sqlalchemy.orm.exc.DetachedInstanceError: Instance <ModelRow at 0x153ced2bf2f0> is not bound to a Session; attribute refresh operation cannot proceed (Background on this error at: https://sqlalche.me/e/20/bhk3)
