/tmp/lscratch/tns97255/48100992/.venv/lib/python3.13/site-packages/opi/output/core.py:533: UserWarning: Could not determine ORCA version from JSON file. Subsequent error might occur.
  warn("Could not determine ORCA version from JSON file. Subsequent error might occur.")
Beginning pent2ene GOAT calculation.
Pre-existing pent2ene GOAT calculation found (id: 1).
Lowest energy conformer identified (id = 1)
Traceback (most recent call last):
  File "/tmp/lscratch/tns97255/48100992/autostorage_opi_demo/2_OPT.py", line 166, in <module>
    pent2ene_wb97 = optimize(db, wb97_model, pent2ene_min)
  File "/tmp/lscratch/tns97255/48100992/autostorage_opi_demo/2_OPT.py", line 94, in optimize
    calc_id = query.calculation(sess, model=model, calc_type=calc_type, geo=geo_in)
  File "/tmp/lscratch/tns97255/48100992/autostorage_opi_demo/query.py", line 90, in calculation
    and stp.calculation.model_id == model.id
                                    ^^^^^^^^
  File "/tmp/lscratch/tns97255/48100992/.venv/lib/python3.13/site-packages/sqlalchemy/orm/attributes.py", line 569, in __get__
    return self.impl.get(state, dict_)  # type: ignore[no-any-return]
           ~~~~~~~~~~~~~^^^^^^^^^^^^^^
  File "/tmp/lscratch/tns97255/48100992/.venv/lib/python3.13/site-packages/sqlalchemy/orm/attributes.py", line 1096, in get
    value = self._fire_loader_callables(state, key, passive)
  File "/tmp/lscratch/tns97255/48100992/.venv/lib/python3.13/site-packages/sqlalchemy/orm/attributes.py", line 1126, in _fire_loader_callables
    return state._load_expired(state, passive)
           ~~~~~~~~~~~~~~~~~~~^^^^^^^^^^^^^^^^
  File "/tmp/lscratch/tns97255/48100992/.venv/lib/python3.13/site-packages/sqlalchemy/orm/state.py", line 828, in _load_expired
    self.manager.expired_attribute_loader(self, toload, passive)
    ~~~~~~~~~~~~~~~~~~~~~~~~~~~~~~~~~~~~~^^^^^^^^^^^^^^^^^^^^^^^
  File "/tmp/lscratch/tns97255/48100992/.venv/lib/python3.13/site-packages/sqlalchemy/orm/loading.py", line 1607, in load_scalar_attributes
    raise orm_exc.DetachedInstanceError(
    ...<2 lines>...
    )
sqlalchemy.orm.exc.DetachedInstanceError: Instance <ModelRow at 0x14bdcf64f610> is not bound to a Session; attribute refresh operation cannot proceed (Background on this error at: https://sqlalche.me/e/20/bhk3)
